C:\Users\M AJAY KUMAR\AppData\Local\Programs\Python\Python39\py.caldr.py
C:\Users\M AJAY KUMAR\AppData\Local\Programs\Python\Python39\py.CALCULATOR.py
C:\Users\M AJAY KUMAR\AppData\Local\Programs\Python\Python39\sn1.py
C:\Users\M AJAY KUMAR\AppData\Local\Programs\Python\Python39\hgfc.py
C:\Users\M AJAY KUMAR\AppData\Local\Programs\Python\Python39\py..py
C:\Users\M AJAY KUMAR\AppData\Local\Programs\Python\Python39\htffgdwdwydfg.py
C:\Users\M AJAY KUMAR\AppData\Local\Programs\Python\Python39\thgff.py
C:\Users\M AJAY KUMAR\AppData\Local\Programs\Python\Python39\sxc.py
C:\Users\M AJAY KUMAR\AppData\Local\Programs\Python\Python39\ghc.py
C:\Users\M AJAY KUMAR\AppData\Local\Programs\Python\Python39\jh.py
C:\Users\M AJAY KUMAR\AppData\Local\Programs\Python\Python39\hgj.py
C:\Users\M AJAY KUMAR\AppData\Local\Programs\Python\Python39\bb.py
C:\Users\M AJAY KUMAR\AppData\Local\Programs\Python\Python39\finding len(string)_.py
C:\Users\M AJAY KUMAR\AppData\Local\Programs\Python\Python39\xzc.py
C:\Users\M AJAY KUMAR\AppData\Local\Programs\Python\Python39\maxima.py
C:\Users\M AJAY KUMAR\AppData\Local\Programs\Python\Python39\cas.py
C:\Users\M AJAY KUMAR\AppData\Local\Programs\Python\Python39\dvds.py
C:\Users\M AJAY KUMAR\AppData\Local\Programs\Python\Python39\rev a string.py
C:\Users\M AJAY KUMAR\AppData\Local\Programs\Python\Python39\bv.py
C:\Users\M AJAY KUMAR\AppData\Local\Programs\Python\Python39\max and min array.py
C:\Users\M AJAY KUMAR\AppData\Local\Programs\Python\Python39\eweqr.py
